
> vite_react_shadcn_ts@0.0.0 build
> vite build

[36mvite v5.4.21 [32mbuilding for production...[36m[39m
transforming...
[32m✓[39m 3776 modules transformed.
[plugin:vite:reporter] [plugin vite:reporter] 
(!) D:/Downloads/hissabypro-main (2)/hissabypro-main/src/utils/localStorage.ts is dynamically imported by D:/Downloads/hissabypro-main (2)/hissabypro-main/src/hooks/useProducts.ts, D:/Downloads/hissabypro-main (2)/hissabypro-main/src/hooks/useReturns.ts, D:/Downloads/hissabypro-main (2)/hissabypro-main/src/pages/Inventory.tsx but also statically imported by D:/Downloads/hissabypro-main (2)/hissabypro-main/src/components/creditors/NewProductForm.tsx, D:/Downloads/hissabypro-main (2)/hissabypro-main/src/components/dashboard/RecentActivity.tsx, D:/Downloads/hissabypro-main (2)/hissabypro-main/src/components/dashboard/SalesChart.tsx, D:/Downloads/hissabypro-main (2)/hissabypro-main/src/components/dashboard/UnifiedDashboard.tsx, D:/Downloads/hissabypro-main (2)/hissabypro-main/src/components/debtors/DebtorProductSelector.tsx, D:/Downloads/hissabypro-main (2)/hissabypro-main/src/components/expenses/ExpenseDeleteModal.tsx, D:/Downloads/hissabypro-main (2)/hissabypro-main/src/components/expenses/ExpenseEditModal.tsx, D:/Downloads/hissabypro-main (2)/hissabypro-main/src/components/layout/Header.tsx, D:/Downloads/hissabypro-main (2)/hissabypro-main/src/components/products/ProductFormModal.tsx, D:/Downloads/hissabypro-main (2)/hissabypro-main/src/components/products/ProductsActionBar.tsx, D:/Downloads/hissabypro-main (2)/hissabypro-main/src/components/settings/CloudMigration.tsx, D:/Downloads/hissabypro-main (2)/hissabypro-main/src/components/settings/CompanyProfile.tsx, D:/Downloads/hissabypro-main (2)/hissabypro-main/src/contexts/SettingsContext.tsx, D:/Downloads/hissabypro-main (2)/hissabypro-main/src/hooks/productForm/useProductFormHandlers.ts, D:/Downloads/hissabypro-main (2)/hissabypro-main/src/hooks/useAutoSync.ts, D:/Downloads/hissabypro-main (2)/hissabypro-main/src/hooks/useInvoiceForm.ts, D:/Downloads/hissabypro-main (2)/hissabypro-main/src/hooks/useProductSearch.ts, D:/Downloads/hissabypro-main (2)/hissabypro-main/src/hooks/useSalesForm.ts, D:/Downloads/hissabypro-main (2)/hissabypro-main/src/pages/Archive.tsx, D:/Downloads/hissabypro-main (2)/hissabypro-main/src/pages/CreateInvoice.tsx, D:/Downloads/hissabypro-main (2)/hissabypro-main/src/pages/CreditorDetails.tsx, D:/Downloads/hissabypro-main (2)/hissabypro-main/src/pages/Creditors.tsx, D:/Downloads/hissabypro-main (2)/hissabypro-main/src/pages/CreditorsOverview.tsx, D:/Downloads/hissabypro-main (2)/hissabypro-main/src/pages/Customers.tsx, D:/Downloads/hissabypro-main (2)/hissabypro-main/src/pages/Debtors.tsx, D:/Downloads/hissabypro-main (2)/hissabypro-main/src/pages/DebtorsOverview.tsx, D:/Downloads/hissabypro-main (2)/hissabypro-main/src/pages/Expenses.tsx, D:/Downloads/hissabypro-main (2)/hissabypro-main/src/pages/Home.tsx, D:/Downloads/hissabypro-main (2)/hissabypro-main/src/pages/Login.tsx, D:/Downloads/hissabypro-main (2)/hissabypro-main/src/pages/Payments.tsx, D:/Downloads/hissabypro-main (2)/hissabypro-main/src/pages/Sales.tsx, D:/Downloads/hissabypro-main (2)/hissabypro-main/src/pages/Suppliers.tsx, D:/Downloads/hissabypro-main (2)/hissabypro-main/src/pages/UnpaidInvoices.tsx, D:/Downloads/hissabypro-main (2)/hissabypro-main/src/utils/backupManager.ts, dynamic import will not move module into another chunk.

[plugin:vite:reporter] [plugin vite:reporter] 
(!) D:/Downloads/hissabypro-main (2)/hissabypro-main/src/lib/database.ts is dynamically imported by D:/Downloads/hissabypro-main (2)/hissabypro-main/src/hooks/useInvoiceForm.ts, D:/Downloads/hissabypro-main (2)/hissabypro-main/src/hooks/useInvoiceForm.ts, D:/Downloads/hissabypro-main (2)/hissabypro-main/src/hooks/useInvoiceForm.ts, D:/Downloads/hissabypro-main (2)/hissabypro-main/src/hooks/useInvoiceForm.ts, D:/Downloads/hissabypro-main (2)/hissabypro-main/src/hooks/useSalesForm.ts, D:/Downloads/hissabypro-main (2)/hissabypro-main/src/hooks/useSalesForm.ts, D:/Downloads/hissabypro-main (2)/hissabypro-main/src/hooks/useSalesForm.ts, D:/Downloads/hissabypro-main (2)/hissabypro-main/src/hooks/useSalesForm.ts, D:/Downloads/hissabypro-main (2)/hissabypro-main/src/hooks/useSalesForm.ts, D:/Downloads/hissabypro-main (2)/hissabypro-main/src/pages/Debtors.tsx but also statically imported by D:/Downloads/hissabypro-main (2)/hissabypro-main/src/components/settings/CloudMigration.tsx, D:/Downloads/hissabypro-main (2)/hissabypro-main/src/components/settings/CompanyProfile.tsx, D:/Downloads/hissabypro-main (2)/hissabypro-main/src/contexts/SettingsContext.tsx, D:/Downloads/hissabypro-main (2)/hissabypro-main/src/hooks/productForm/useProductFormHandlers.ts, D:/Downloads/hissabypro-main (2)/hissabypro-main/src/hooks/useAutoSync.ts, D:/Downloads/hissabypro-main (2)/hissabypro-main/src/hooks/useInvoiceForm.ts, D:/Downloads/hissabypro-main (2)/hissabypro-main/src/hooks/useProducts.ts, D:/Downloads/hissabypro-main (2)/hissabypro-main/src/hooks/useReturns.ts, D:/Downloads/hissabypro-main (2)/hissabypro-main/src/hooks/useSalesForm.ts, D:/Downloads/hissabypro-main (2)/hissabypro-main/src/hooks/useWarehouses.ts, D:/Downloads/hissabypro-main (2)/hissabypro-main/src/pages/AccountStatement.tsx, D:/Downloads/hissabypro-main (2)/hissabypro-main/src/pages/Archive.tsx, D:/Downloads/hissabypro-main (2)/hissabypro-main/src/pages/CreditorDetails.tsx, D:/Downloads/hissabypro-main (2)/hissabypro-main/src/pages/Creditors.tsx, D:/Downloads/hissabypro-main (2)/hissabypro-main/src/pages/CreditorsOverview.tsx, D:/Downloads/hissabypro-main (2)/hissabypro-main/src/pages/Customers.tsx, D:/Downloads/hissabypro-main (2)/hissabypro-main/src/pages/Debtors.tsx, D:/Downloads/hissabypro-main (2)/hissabypro-main/src/pages/DebtorsOverview.tsx, D:/Downloads/hissabypro-main (2)/hissabypro-main/src/pages/Inventory.tsx, D:/Downloads/hissabypro-main (2)/hissabypro-main/src/pages/Suppliers.tsx, dynamic import will not move module into another chunk.

[plugin:vite:reporter] [plugin vite:reporter] 
(!) D:/Downloads/hissabypro-main (2)/hissabypro-main/src/utils/backupManager.ts is dynamically imported by D:/Downloads/hissabypro-main (2)/hissabypro-main/src/utils/localStorage.ts but also statically imported by D:/Downloads/hissabypro-main (2)/hissabypro-main/src/components/settings/BackupManager.tsx, dynamic import will not move module into another chunk.

rendering chunks...
computing gzip size...
[2mdist/[22m[32mregisterSW.js              [39m[1m[2m    0.13 kB[22m[1m[22m
[2mdist/[22m[32mmanifest.webmanifest       [39m[1m[2m    0.35 kB[22m[1m[22m
[2mdist/[22m[32mindex.html                 [39m[1m[2m    2.11 kB[22m[1m[22m[2m │ gzip:   0.86 kB[22m
[2mdist/[22m[35massets/index-DCObdNn9.css  [39m[1m[2m  115.20 kB[22m[1m[22m[2m │ gzip:  18.96 kB[22m
[2mdist/[22m[36massets/index-BZhkRybH.js   [39m[1m[33m2,707.79 kB[39m[22m[2m │ gzip: 788.77 kB[22m

(!) Some chunks are larger than 500 kB after minification. Consider:
- Using dynamic import() to code-split the application
- Use build.rollupOptions.output.manualChunks to improve chunking: https://rollupjs.org/configuration-options/#output-manualchunks
- Adjust chunk size limit for this warning via build.chunkSizeWarningLimit.
[32m✓ built in 32.28s[39m

PWA v1.3.0
mode      generateSW
precache  9 entries (2812.36 KiB)
files generated
  dist/sw.js
  dist/workbox-835c8c05.js
